// Jest Snapshot v1, https://goo.gl/fbAQLP

exports[`renders correctly 1`] = `
<Fragment>
  <BrowserRouter>
    <Switch>
      <Route>
        <todopage />
      </Route>
    </Switch>
  </BrowserRouter>
</Fragment>
`;
